=== Step 1: flight timestamps ===
20 unique flights resolved
=== Step 2: reference DEM ===
DEM ready: (2391, 3106), elevation 1563-2466 m
=== Step 4: per-flight delay using Track A's real LIA ===
  [1/20] 05208 2021-02-03
  [2/20] 05208 2021-02-10
  [3/20] 05208 2021-03-03
  [4/20] 05208 2021-03-10
  [5/20] 05208 2021-03-16
  [6/20] 05208 2021-03-22
  [7/20] 23205 2019-12-20
  [8/20] 23205 2020-01-31
  [9/20] 23205 2020-02-13
  [10/20] 23205 2020-02-21
  [11/20] 23205 2020-03-11
  [12/20] 23205 2021-01-15
  [13/20] 23205 2021-01-20
  [14/20] 23205 2021-01-27
  [15/20] 23205 2021-02-03
  [16/20] 23205 2021-02-10
  [17/20] 23205 2021-03-03
  [18/20] 23205 2021-03-10
  [19/20] 23205 2021-03-16
  [20/20] 23205 2021-03-22
=== Step 5: store atm_delay in the Zarr store ===
Stored 'atm_delay' (20 flights) in ZARR/mores_creek_summit.zarr
